=== bebop_1
key           D major  (confidence 0.59)
meter         4/4  (confidence 0.42)
tempo         112.3 BPM
form          A  (0 bars/section, confidence 0.00)
notes         606 canonical, 359 flagged uncertain
melody        essentia backend, 48% of frames voiced

least confident notes:
  beat  233.50  G4   37%
  beat  469.75  C4   39%
  beat  470.00  C4   39%
  beat  241.25  C#5  40%
  beat  471.50  A4   42%
  beat  248.75  A4   42%
  beat  289.00  D4   42%
  beat  289.50  D#4  42%

searched 20 catalog tunes against 606 transcribed notes

tune                          key               match  cover   sections
----------------------------------------------------------------------------
Angeline the Baker            D major           0.119  0.040   A=0.18 B=0.07
Cripple Creek                 A major           0.090  0.007   A=0.07 B=0.12
Sandy River Belle             G major           0.088  0.003   A=0.12 B=0.11
Arkansas Traveler             D major           0.076  0.007   A=0.06 B=0.10
Old Joe Clark                 A mixolydian      0.076  0.007   A=0.09 B=0.04

=> no confident match (best Angeline the Baker at 0.119, margin 0.028). Either the tune is not in the catalog, or the transcription is too noisy to match.

=== bebop_2
key           E dorian  (confidence 0.48)
meter         4/4  (confidence 0.42)
tempo         123.0 BPM
form          A  (0 bars/section, confidence 0.00)
notes         390 canonical, 68 flagged uncertain
melody        essentia backend, 54% of frames voiced

least confident notes:
  beat  159.75  G#4  47%
  beat  262.50  C4   47%
  beat  158.00  E4   49%
  beat   48.75  D4   50%
  beat   49.00  E4   50%
  beat  340.50  A4   55%
  beat  248.25  C#4  55%
  beat  248.50  D4   55%

searched 20 catalog tunes against 390 transcribed notes

tune                          key               match  cover   sections
----------------------------------------------------------------------------
Angeline the Baker            D major           0.093  0.080   A=0.09 B=0.09
Old Joe Clark                 A mixolydian      0.066  0.008   A=0.03 B=0.07
Red Haired Boy                A mixolydian      0.039  0.008   A=0.07 B=0.00
Sandy River Belle             G major           0.039  0.005   A=0.05 B=0.00
Cluck Old Hen                 A dorian          0.026  0.003   A=0.05 B=0.00

=> no confident match (best Angeline the Baker at 0.093, margin 0.027). Either the tune is not in the catalog, or the transcription is too noisy to match.

=== bebop_4
key           A mixolydian  (confidence 0.52)
meter         4/4  (confidence 0.56)
tempo         123.0 BPM
form          A  (0 bars/section, confidence 0.00)
notes         483 canonical, 318 flagged uncertain
melody        essentia backend, 40% of frames voiced

least confident notes:
  beat   83.75  B4   39%
  beat  403.50  E4   40%
  beat  286.75  G4   41%
  beat  336.75  F5   43%
  beat  337.00  E5   43%
  beat  254.75  E4   45%
  beat  104.50  C#4  45%
  beat  104.75  D4   45%

searched 20 catalog tunes against 483 transcribed notes

tune                          key               match  cover   sections
----------------------------------------------------------------------------
Angeline the Baker            D major           0.271  0.029   A=0.23 B=0.28
Old Joe Clark                 A mixolydian      0.124  0.015   A=0.15 B=0.07
Cripple Creek                 A major           0.122  0.010   A=0.12 B=0.13
Cluck Old Hen                 A dorian          0.094  0.008   A=0.19 B=0.00
Salt Creek                    A major           0.090  0.013   A=0.06 B=0.10

=> no confident match (best Angeline the Baker at 0.271, margin 0.147). Either the tune is not in the catalog, or the transcription is too noisy to match.

=== bebop_5
key           A major  (confidence 0.70)
meter         4/4  (confidence 0.26)
tempo         123.0 BPM
form          A  (0 bars/section, confidence 0.00)
notes         863 canonical, 474 flagged uncertain
melody        essentia backend, 47% of frames voiced

least confident notes:
  beat  627.75  D4   32%
  beat  628.75  D#4  38%
  beat  629.25  D4   38%
  beat  629.50  C#4  38%
  beat  609.00  G#4  39%
  beat  609.25  B4   39%
  beat  148.00  C#5  40%
  beat  710.50  C#4  41%

searched 20 catalog tunes against 863 transcribed notes

tune                          key               match  cover   sections
----------------------------------------------------------------------------
Angeline the Baker            D major           0.204  0.040   A=0.29 B=0.15
Old Joe Clark                 A mixolydian      0.124  0.013   A=0.25 B=0.03
Salt Creek                    A major           0.109  0.012   A=0.16 B=0.04
June Apple                    A mixolydian      0.107  0.010   A=0.03 B=0.15
Over the Waterfall            D major           0.074  0.003   A=0.13 B=0.02

=> no confident match (best Angeline the Baker at 0.204, margin 0.080). Either the tune is not in the catalog, or the transcription is too noisy to match.

=== memory_of_home
key           A major  (confidence 0.54)
meter         4/4  (confidence 0.37)
tempo         103.4 BPM
form          ABBCD  (20 bars/section, confidence 0.16)
notes         457 canonical, 65 flagged uncertain
melody        essentia backend, 46% of frames voiced

least confident notes:
  beat   20.50  A4   52%   alternatives: E4 49%
  beat   47.75  A4   53%   alternatives: E4 49%
  beat   48.00  A4   55%   alternatives: E4 49%
  beat    6.00  D#4  55%
  beat   57.25  C#4  56%   alternatives: E5 49%
  beat   38.25  E4   57%   alternatives: F#5 49%
  beat   31.50  A4   57%   alternatives: F#4 49%
  beat   60.75  B4   57%   alternatives: E4 49%

searched 20 catalog tunes against 513 transcribed notes

tune                          key               match  cover   sections
----------------------------------------------------------------------------
Old Joe Clark                 A mixolydian      0.146  0.010   A=0.00 B=0.21
Angeline the Baker            D major           0.080  0.112   A=0.15 B=0.00
Cripple Creek                 A major           0.076  0.006   A=0.09 B=0.04
Red Haired Boy                A mixolydian      0.066  0.006   A=0.04 B=0.06
June Apple                    A mixolydian      0.044  0.004   A=0.00 B=0.07

=> no confident match (best Old Joe Clark at 0.146, margin 0.066). Either the tune is not in the catalog, or the transcription is too noisy to match.

ALLDONE
