=== work/real/bebop_1.m4a
key           A mixolydian  (confidence 0.48)
meter         4/4  (confidence 0.42)
tempo         112.3 BPM
form          A  (0 bars/section, confidence 0.00)
notes         634 canonical, 384 flagged uncertain
melody        essentia backend, 52% of frames voiced

least confident notes:
  beat  233.50  G4   36%
  beat   14.75  F#4  37%
  beat  472.00  B3   37%
  beat  469.75  C4   38%
  beat  470.00  C4   38%
  beat  313.50  F#3  40%
  beat  241.25  C#5  40%
  beat  289.00  D4   42%

wrote: bebop_1.pitch.csv, bebop_1.notes.json, bebop_1.musicxml, bebop_1.mid, bebop_1.abc, bebop_1.diagnostics.png
=== work/real/bebop_2.m4a
key           A major  (confidence 0.54)
meter         4/4  (confidence 0.42)
tempo         123.0 BPM
form          A  (0 bars/section, confidence 0.00)
notes         487 canonical, 95 flagged uncertain
melody        essentia backend, 62% of frames voiced

least confident notes:
  beat  427.50  F#3  40%
  beat  182.50  F#3  41%
  beat  190.50  A3   42%
  beat  118.00  A3   46%
  beat  346.00  F#3  46%
  beat    3.75  G#3  47%
  beat  159.75  G#4  47%
  beat  262.50  C4   47%

wrote: bebop_2.pitch.csv, bebop_2.notes.json, bebop_2.musicxml, bebop_2.mid, bebop_2.abc, bebop_2.diagnostics.png
=== work/real/bebop_4.m4a
key           A major  (confidence 0.47)
meter         4/4  (confidence 0.56)
tempo         123.0 BPM
form          A  (0 bars/section, confidence 0.00)
notes         515 canonical, 144 flagged uncertain
melody        essentia backend, 54% of frames voiced

least confident notes:
  beat   84.00  B3   39%
  beat   83.75  C5   46%
  beat  403.50  E4   46%
  beat  286.75  G4   46%
  beat  196.50  A3   48%
  beat  196.00  B3   48%
  beat  339.25  A3   48%
  beat   60.00  A3   50%

wrote: bebop_4.pitch.csv, bebop_4.notes.json, bebop_4.musicxml, bebop_4.mid, bebop_4.abc, bebop_4.diagnostics.png
=== work/real/bebop_5.m4a
key           A major  (confidence 0.56)
meter         4/4  (confidence 0.26)
tempo         123.0 BPM
form          A  (0 bars/section, confidence 0.00)
notes         970 canonical, 508 flagged uncertain
melody        essentia backend, 54% of frames voiced

least confident notes:
  beat  702.00  A3   30%
  beat  627.75  D4   33%
  beat  690.75  G#3  38%
  beat  691.00  F#3  38%
  beat  330.50  B3   38%
  beat  330.75  C#4  38%
  beat  628.75  D#4  39%
  beat  629.50  C#4  39%

wrote: bebop_5.pitch.csv, bebop_5.notes.json, bebop_5.musicxml, bebop_5.mid, bebop_5.abc, bebop_5.diagnostics.png
=== work/real/memory_of_home.m4a
key           A major  (confidence 0.52)
meter         4/4  (confidence 0.37)
tempo         103.4 BPM
form          ABB  (20 bars/section, confidence 0.35)
notes         380 canonical, 72 flagged uncertain
melody        essentia backend, 61% of frames voiced

least confident notes:
  beat   31.50  E4   52%   alternatives: A3 25%
  beat   28.00  A3   53%   alternatives: E4 26%, D#4 24%
  beat   79.75  A3   56%   alternatives: E4 25%
  beat   79.50  A3   56%   alternatives: E4 25%
  beat   74.00  A3   56%   alternatives: D4 25%
  beat   27.75  E4   57%   alternatives: A3 50%
  beat   53.75  A4   57%   alternatives: E4 25%, G#4 25%
  beat    2.50  A3   57%   alternatives: B3 25%, F#4 25%

wrote: memory_of_home.pitch.csv, memory_of_home.notes.json, memory_of_home.musicxml, memory_of_home.mid, memory_of_home.abc, memory_of_home.diagnostics.png
ALLDONE
